ERROR: Cannot place hive at already occupied location (2, 3)