ERROR: Cannot place flower at already occupied location (3, 2)